// Jest Snapshot v1, https://goo.gl/fbAQLP

exports[`compare nested JSON files (default stylish format) 1`] = `
"  - common: {
        setting1: Value 1
        setting2: 200
        setting3: true
        setting6: {
            key: value
            doge: {
                wow: 
            }
        }
    }
  - group1: {
        baz: bas
        foo: bar
        nest: {
            key: value
        }
    }
  - group2: {
        abc: 12345
        deep: {
            id: 45
        }
    }
  + timeout: 20
  + verbose: true
  + host: hexlet.io"
`;

exports[`compare nested JSON files 1`] = `
"  - common: {
        setting1: Value 1
        setting2: 200
        setting3: true
        setting6: {
            key: value
            doge: {
                wow: 
            }
        }
    }
  - group1: {
        baz: bas
        foo: bar
        nest: {
            key: value
        }
    }
  - group2: {
        abc: 12345
        deep: {
            id: 45
        }
    }
  + timeout: 20
  + verbose: true
  + host: hexlet.io"
`;
